// Jest Snapshot v1, https://goo.gl/fbAQLP

exports[`<AddToCart/> renders and matches the snap shot 1`] = `
<div>
  <button
    type="button"
  >
    Add
     To Cart ðŸ›’
  </button>
</div>
`;
