// Jest Snapshot v1, https://goo.gl/fbAQLP

exports[`<Pagination/> renders pagination for 18 items 1`] = `
<div>
  <div
    class="PaginationStyles-aduuar-0 lmlpoS"
    data-testid="pagination"
  >
    <a
      aria-disabled="true"
      class="prev"
      href="/products/0"
    >
      ← Prev
    </a>
    <p>
      Page 
      1
       of
       
      <span
        class="totalPages"
        data-testid="totalPages"
      >
        5
      </span>
    </p>
    <p>
      18
       Items Total
    </p>
    <a
      aria-disabled="false"
      class="next"
      href="/products/2"
    >
      Next →
    </a>
  </div>
</div>
`;
